node:internal/modules/run_main:123
    triggerUncaughtException(
    ^

AssertionError [ERR_ASSERTION]: Expected values to be strictly deep-equal:
+ actual - expected ... Lines skipped

  [
    {
...
      ],
      dependencyIds: [
+       'water-western-springs',
        'water-central-catchment'
...
      path: 'ecology.speciesSlots[0].habitatId'
    }
  ]
    at file:///home/runner/work/HB-TTRPG-tools/HB-TTRPG-tools/scripts/validate-p1-surface-grid-resize.mjs:77:8 {
  generatedMessage: true,
  code: 'ERR_ASSERTION',
  actual: [
    {
      kind: 'settlement-slot-water-dependency',
      entityId: 'settlement-slot-western-port',
      path: 'settlementCapacity.settlementSlots[0].waterSourceIds',
      dependencyIds: [ 'water-western-springs', 'water-central-catchment' ],
      affectedCellIds: [ 'cell-central-pasture' ]
    },
    {
      kind: 'fracture-event-fault-dependency',
      entityId: 'fracture-event-east-shelf-12',
      path: 'stability.fractureEvents[0].faultZoneId',
      dependencyIds: [ 'fault-eastern-rim' ],
      affectedCellIds: [ 'cell-eastern-rim' ]
    },
    {
      kind: 'species-slot-habitat-dependency',
      entityId: 'species-slot-sheffel-herds',
      path: 'ecology.speciesSlots[0].habitatId',
      dependencyIds: [ 'habitat-central-pasture' ],
      affectedCellIds: [ 'cell-central-pasture', 'cell-northern-basin' ]
    }
  ],
  expected: [
    {
      kind: 'settlement-slot-water-dependency',
      entityId: 'settlement-slot-western-port',
      path: 'settlementCapacity.settlementSlots[0].waterSourceIds',
      dependencyIds: [ 'water-central-catchment' ],
      affectedCellIds: [ 'cell-central-pasture' ]
    },
    {
      kind: 'fracture-event-fault-dependency',
      entityId: 'fracture-event-east-shelf-12',
      path: 'stability.fractureEvents[0].faultZoneId',
      dependencyIds: [ 'fault-eastern-rim' ],
      affectedCellIds: [ 'cell-eastern-rim' ]
    },
    {
      kind: 'species-slot-habitat-dependency',
      entityId: 'species-slot-sheffel-herds',
      path: 'ecology.speciesSlots[0].habitatId',
      dependencyIds: [ 'habitat-central-pasture' ],
      affectedCellIds: [ 'cell-central-pasture', 'cell-northern-basin' ]
    }
  ],
  operator: 'deepStrictEqual'
}

Node.js v20.20.2
